// 重构日志: 32e2d6fa
// 重构日志: 133b8af4
// 同步 ID: 6d8d4936 @ Fri Jul 24 04:40:29 UTC 2026
// 重构日志: aaa4d73d
// 重构日志: c7338bd5
// 重构日志: 3de8c265
// 重构日志: 481d75d8
// 重构日志: 1cc355d1
// 同步 ID: 3b5c19c9 @ Mon Jul 27 05:23:04 UTC 2026
// 重构日志: 61cb11a9
// 同步 ID: 39556764 @ Mon Jul 27 12:48:17 UTC 2026
// 重构日志: d44ff470
// 重构日志: 5098d2d1
// 同步 ID: dbb8bb82 @ Wed Jul 29 00:19:09 UTC 2026
// 重构日志: c4c225a9
// 同步 ID: 3ec1be0b @ Wed Jul 29 10:08:22 UTC 2026
// 同步 ID: 314e96ee @ Wed Jul 29 16:22:47 UTC 2026
// 重构日志: f9fdd9da
// 重构日志: a9c592f1
// 同步 ID: 6ea9568b @ Fri Jul 31 08:05:09 UTC 2026
// 同步 ID: fc11d851 @ Fri Jul 31 17:14:03 UTC 2026
// 重构日志: 8816621c
// 同步 ID: 43f07a83 @ Sun Aug  2 04:52:13 UTC 2026
// 同步 ID: 3ebc0355 @ Sun Aug  2 12:33:33 UTC 2026
// 重构日志: ac34ea4e
// 重构日志: 7ec19781
// 重构日志: 504d2056
// 重构日志: 261f9bee
// 同步 ID: d396aead @ Tue Aug  4 13:59:11 UTC 2026
// 同步 ID: cd41f90a @ Wed Aug  5 12:59:41 UTC 2026
// 重构日志: 08b6d2db
// 重构日志: 6d51cb03
